This is XeTeX, Version 3.141592653-2.6-0.999997 (MiKTeX 25.12) (preloaded format=xelatex.fmt)
 restricted \write18 enabled.
entering extended mode
(explanation_ar.tex
LaTeX2e <2025-11-01>
L3 programming layer <2025-12-24>
(C:\Program Files\MiKTeX\tex/latex/base\report.cls
Document Class: report 2025/01/22 v1.4n Standard LaTeX document class
(C:\Program Files\MiKTeX\tex/latex/base\size12.clo))
(C:\Program Files\MiKTeX\tex/latex/geometry\geometry.sty
(C:\Program Files\MiKTeX\tex/latex/graphics\keyval.sty)
(C:\Program Files\MiKTeX\tex/generic/iftex\ifvtex.sty
(C:\Program Files\MiKTeX\tex/generic/iftex\iftex.sty))
(C:\Program Files\MiKTeX\tex/latex/geometry\geometry.cfg))
(C:\Program Files\MiKTeX\tex/latex/fontspec\fontspec.sty
(C:\Program Files\MiKTeX\tex/latex/l3packages/xparse\xparse.sty
(C:\Program Files\MiKTeX\tex/latex/l3kernel\expl3.sty
(C:\Program Files\MiKTeX\tex/latex/l3backend\l3backend-xetex.def)))
(C:\Program Files\MiKTeX\tex/latex/fontspec\fontspec-xetex.sty
(C:\Program Files\MiKTeX\tex/latex/base\fontenc.sty)
(C:\Program Files\MiKTeX\tex/latex/fontspec\fontspec.cfg)))
(C:\Users\MShaheen\AppData\Roaming\MiKTeX\tex/latex/polyglossia\polyglossia.sty
(C:\Program Files\MiKTeX\tex/latex/etoolbox\etoolbox.sty)
(C:\Users\MShaheen\AppData\Roaming\MiKTeX\tex/latex/polyglossia\gloss-latex.ldf
))
(C:\Users\MShaheen\AppData\Roaming\MiKTeX\tex/latex/polyglossia\gloss-arabic.ld
f (C:\Users\MShaheen\AppData\Roaming\MiKTeX\tex/latex/bidi\bidi.sty
****************************************************
* 
* bidi package (Bidirectional typesetting with
* plain TeX and LaTeX formats in XeTeX and LuaTeX engines)
* 
* Description: A convenient interface for
* typesetting bidirectional texts in plain TeX
* and LaTeX. The package includes adaptations
* for use with many other commonly-used packages.
* 
* Copyright (c) 2007--2026 Vafa Khalighi
* Copyright (c) 2018--2020 bidi-tex GitHub organization
* 
* v26.01.08 (Release Iran), 2026/01/08
* 
* License: LaTeX Project Public License, version
* 1.3c or higher (your choice)
* 
* Location on CTAN: /macros/unicodetex/generic/bidi
* 
* Issue tracker: https://github.com/xepersian/bidi/issues
* 
* Primary author of bidi package: Vafa Khalighi.
* 
****************************************************
(C:\Users\MShaheen\AppData\Roaming\MiKTeX\tex/latex/bidi\biditools.sty)
(C:\Program Files\MiKTeX\tex/latex/zref\zref-abspage.sty
(C:\Program Files\MiKTeX\tex/latex/zref\zref-base.sty
(C:\Program Files\MiKTeX\tex/generic/ltxcmds\ltxcmds.sty)
(C:\Program Files\MiKTeX\tex/generic/infwarerr\infwarerr.sty)
(C:\Program Files\MiKTeX\tex/latex/kvsetkeys\kvsetkeys.sty)
(C:\Program Files\MiKTeX\tex/generic/kvdefinekeys\kvdefinekeys.sty)
(C:\Program Files\MiKTeX\tex/generic/pdftexcmds\pdftexcmds.sty)
(C:\Program Files\MiKTeX\tex/generic/etexcmds\etexcmds.sty)
(C:\Program Files\MiKTeX\tex/latex/auxhook\auxhook.sty)))
(C:\Users\MShaheen\AppData\Roaming\MiKTeX\tex/latex/bidi\latex-xetex-bidi.def
(C:\Users\MShaheen\AppData\Roaming\MiKTeX\tex/latex/bidi\footnote-xetex-bidi.de
f)
(C:\Users\MShaheen\AppData\Roaming\MiKTeX\tex/latex/bidi\report-xetex-bidi.def)

(C:\Users\MShaheen\AppData\Roaming\MiKTeX\tex/latex/bidi\geometry-xetex-bidi.de
f)))
(C:\Users\MShaheen\AppData\Roaming\MiKTeX\tex/latex/polyglossia\arabicnumbers.s
ty)
(C:\Users\MShaheen\AppData\Roaming\MiKTeX\tex/latex/polyglossia\hijrical.sty
(C:\Program Files\MiKTeX\tex/latex/tools\calc.sty)
(C:\Users\MShaheen\AppData\Roaming\MiKTeX\tex/latex/polyglossia\cal-util.def)))

(C:\Users\MShaheen\AppData\Roaming\MiKTeX\tex/latex/polyglossia\gloss-english.l
df) (C:\Program Files\MiKTeX\tex/latex/enumitem\enumitem.sty)
(C:\Program Files\MiKTeX\tex/latex/fancyhdr\fancyhdr.sty)
(C:\Users\MShaheen\AppData\Roaming\MiKTeX\tex/latex/bidi\fancyhdr-xetex-bidi.de
f) (C:\Program Files\MiKTeX\tex/latex/hyperref\hyperref.sty
(C:\Program Files\MiKTeX\tex/generic/pdfescape\pdfescape.sty)
(C:\Program Files\MiKTeX\tex/latex/hycolor\hycolor.sty)
(C:\Program Files\MiKTeX\tex/latex/hyperref\nameref.sty
(C:\Program Files\MiKTeX\tex/latex/refcount\refcount.sty)
(C:\Program Files\MiKTeX\tex/generic/gettitlestring\gettitlestring.sty
(C:\Program Files\MiKTeX\tex/latex/kvoptions\kvoptions.sty)))
(C:\Program Files\MiKTeX\tex/generic/stringenc\stringenc.sty)
(C:\Program Files\MiKTeX\tex/latex/hyperref\pd1enc.def)
(C:\Program Files\MiKTeX\tex/generic/intcalc\intcalc.sty)
(C:\Program Files\MiKTeX\tex/latex/hyperref\puenc.def)
(C:\Program Files\MiKTeX\tex/latex/url\url.sty)
(C:\Program Files\MiKTeX\tex/generic/bitset\bitset.sty
(C:\Program Files\MiKTeX\tex/generic/bigintcalc\bigintcalc.sty)))
(C:\Program Files\MiKTeX\tex/latex/hyperref\hxetex.def
(C:\Program Files\MiKTeX\tex/latex/rerunfilecheck\rerunfilecheck.sty
(C:\Program Files\MiKTeX\tex/generic/uniquecounter\uniquecounter.sty)))
(C:\Users\MShaheen\AppData\Roaming\MiKTeX\tex/latex/bidi\hyperref-xetex-bidi.de
f) (C:\Program Files\MiKTeX\tex/latex/graphics\graphicx.sty
(C:\Program Files\MiKTeX\tex/latex/graphics\graphics.sty
(C:\Program Files\MiKTeX\tex/latex/graphics\trig.sty)
(C:\Program Files\MiKTeX\tex/latex/graphics-cfg\graphics.cfg)
(C:\Program Files\MiKTeX\tex/latex/graphics-def\xetex.def)))
(C:\Users\MShaheen\AppData\Roaming\MiKTeX\tex/latex/bidi\graphicx-xetex-bidi.de
f)
No file explanation_ar.aux.
*geometry* driver: auto-detecting
*geometry* detected driver: xetex

Package hyperref Warning: Rerun to get /PageLabels entry.

[1]
No file explanation_ar.toc.
[2]

LaTeX Font Warning: Font shape `TU/TraditionalArabic(0)/m/it' undefined
(Font)              using `TU/TraditionalArabic(0)/m/n' instead on input line 9
9.


Overfull \hbox (102.59525pt too wide) in paragraph at lines 96--99
[]\TU/TraditionalArabic(0)/m/n/12 تُعطيه ملفاً صوتياً، فيعطيك مؤشراً حذراً غير 
طبّي، مع كامل الأدلة العلمية على مدى جودته وأين يفشل. \TU/TraditionalArabic(0)/
m/n/10.95 المصدر: [][]\TU/lmtt/m/it/10.95 docs/01_overview_and_journey.md[][]
[3]
Overfull \hbox (3.61266pt too wide) in paragraph at lines 146--149
[]\TU/TraditionalArabic(0)/m/n/12 و[][]\TU/TimesNewRoman(0)/m/n/12 0.775[] []\T
U/TraditionalArabic(0)/m/n/12 بالتقسيم الصحيح. الفارق ليس قدرة على الكشف، بل حف
ظ. \TU/TraditionalArabic(0)/m/it/10.95 المصدر: [][]\TU/lmtt/m/it/10.95 docs/05_
validation_and_metrics.md[][]

Package fancyhdr Warning: \headheight is too small (12.0pt): 
(fancyhdr)                Make it at least 13.59999pt, for example:
(fancyhdr)                \setlength{\headheight}{13.59999pt}.
(fancyhdr)                You might also make \topmargin smaller:
(fancyhdr)                \addtolength{\topmargin}{-1.59999pt}.

[4]

Package fancyhdr Warning: \headheight is too small (12.0pt): 
(fancyhdr)                Make it at least 13.59999pt, for example:
(fancyhdr)                \setlength{\headheight}{13.59999pt}.
(fancyhdr)                You might also make \topmargin smaller:
(fancyhdr)                \addtolength{\topmargin}{-1.59999pt}.

[5]
Overfull \hbox (17.27399pt too wide) in paragraph at lines 218--224
[]\TU/TraditionalArabic(0)/m/n/12 ([][]\TU/lmtt/m/n/12 consonants[][]\TU/Tradit
ionalArabic(0)/m/n/12 ). في تشبيه الآلة: مجرى الصوت هو \TU/TraditionalArabic(0)
/b/n/12 جسم الآلة وفتحاتها\TU/TraditionalArabic(0)/m/n/12 . \TU/TraditionalArab
ic(0)/m/it/10.95 المصدر: [][]\TU/lmtt/m/it/10.95 docs/02_scientific_background.
md[][]
[6]

Package fancyhdr Warning: \headheight is too small (12.0pt): 
(fancyhdr)                Make it at least 13.59999pt, for example:
(fancyhdr)                \setlength{\headheight}{13.59999pt}.
(fancyhdr)                You might also make \topmargin smaller:
(fancyhdr)                \addtolength{\topmargin}{-1.59999pt}.

[7]
Overfull \hbox (14.02055pt too wide) in paragraph at lines 330--333
[][]\TU/TraditionalArabic(0)/m/n/12 والسبب بسيط ومقنع جداً: هناك حالات كثيرة أخ
رى تُغيّر جودة الصوت بنفس الاتجاه تقريباً: الزكام والتهاب الحنجرة ([][]\TU/lmtt
/m/n/12 laryngitis[][]\TU/TraditionalArabic(0)/m/n/12 )،[]

Package fancyhdr Warning: \headheight is too small (12.0pt): 
(fancyhdr)                Make it at least 13.59999pt, for example:
(fancyhdr)                \setlength{\headheight}{13.59999pt}.
(fancyhdr)                You might also make \topmargin smaller:
(fancyhdr)                \addtolength{\topmargin}{-1.59999pt}.

[8]

Package fancyhdr Warning: \headheight is too small (12.0pt): 
(fancyhdr)                Make it at least 13.59999pt, for example:
(fancyhdr)                \setlength{\headheight}{13.59999pt}.
(fancyhdr)                You might also make \topmargin smaller:
(fancyhdr)                \addtolength{\topmargin}{-1.59999pt}.

[9] [10]

Package fancyhdr Warning: \headheight is too small (12.0pt): 
(fancyhdr)                Make it at least 13.59999pt, for example:
(fancyhdr)                \setlength{\headheight}{13.59999pt}.
(fancyhdr)                You might also make \topmargin smaller:
(fancyhdr)                \addtolength{\topmargin}{-1.59999pt}.

[11]

Package fancyhdr Warning: \headheight is too small (12.0pt): 
(fancyhdr)                Make it at least 13.59999pt, for example:
(fancyhdr)                \setlength{\headheight}{13.59999pt}.
(fancyhdr)                You might also make \topmargin smaller:
(fancyhdr)                \addtolength{\topmargin}{-1.59999pt}.

[12]

Package fancyhdr Warning: \headheight is too small (12.0pt): 
(fancyhdr)                Make it at least 13.59999pt, for example:
(fancyhdr)                \setlength{\headheight}{13.59999pt}.
(fancyhdr)                You might also make \topmargin smaller:
(fancyhdr)                \addtolength{\topmargin}{-1.59999pt}.

[13] (explanation_ar.aux)miktex-dvipdfmx: major issue: So far, no MiKTeX administrator has checked for updates.


LaTeX Font Warning: Some font shapes were not available, defaults substituted.


Package rerunfilecheck Warning: File `explanation_ar.out' has changed.
(rerunfilecheck)                Rerun to get outlines right
(rerunfilecheck)                or use package `bookmark'.

 )
(see the transcript file for additional information)
Output written on explanation_ar.pdf (13 pages).
Transcript written on explanation_ar.log.
xelatex: major issue: So far, no MiKTeX administrator has checked for updates.
